Loaded 65 pages → 227 chunks
Using Ollama at http://localhost:11434
Model: qwen3:4b
Using Ollama at http://localhost:11434
Model: qwen3:4b
Using Ollama at http://localhost:11434
Model: llama3.2:3b
Enter the user persona (Who is the user? ex: Student): Working Professional
Enter the user goal (What are they trying to do? ex: book a room): Book a last minute flight for a business trip
Enter the product (What app are they using? ex: room booker): travel booking website
Enter the scenario (What's the situation/context? ex: Needs to study for an exam): 2 hours before departure
========================================================================================================================

Generating storyboard...

========================================================================================================================
Generated output:
Panel Number: 1
Action: Opens travel booking website on laptop
Context: 2 hours before departure, working professional sitting at desk with laptop and phone nearby
Emotion: frustrated
----------------------------------------
Panel Number: 2
Action: Searches for flights from current location to destination using search bar
Context: Website loads quickly on laptop screen, showing available flight options
Emotion: hopeful
----------------------------------------
Panel Number: 3
Action: Selects first available flight and proceeds to booking page
Context: Website guides user through quick booking process with minimal form fields
Emotion: relieved
----------------------------------------
Panel Number: 4
Action: Enters payment details and confirms booking
Context: Website provides secure payment options and instant confirmation of booking
Emotion: excited
----------------------------------------
Panel Number: 5
Action: Receives email confirmation of flight booking with travel documents
Context: Laptop screen displays email notification from airline with attached travel documents
Emotion: relieved
----------------------------------------
Panel Number: 6
Action: Closes laptop and heads to airport for flight, feeling prepared
Context: Working professional stands up, closes laptop, and prepares to leave for airport on time
Emotion: calm
----------------------------------------

Retrieving relevant documentation...

========================================================================================================================

Running UX Critic Agent...

========================================================================================================================
RAG Chain Response:
Panel Number: 1
Pain Point: Laptop is too large to navigate with ease, leading to frustration
Reason: The user's emotion 'frustrated' and the context of a working professional sitting at a desk suggests that the current laptop setup may be cumbersome. The documentation emphasizes the importance of considering the scenario, expectations, and user thinking/feeling throughout the customer journey.
Severity: High
----------------------------------------
Panel Number: 2
Pain Point: Search bar is not immediately visible or accessible
Reason: The context 'Website loads quickly on laptop screen, showing available flight options' suggests that a cluttered or hard-to-reach search bar could hinder the user's progress. The documentation highlights the importance of steps users would take and what they are thinking/feeling as they progress through the journey.
Severity: Medium
----------------------------------------
Panel Number: 3
Pain Point: Booking process is too complex or time-consuming
Reason: The user's emotion 'relieved' upon completing the booking process implies that a smoother experience would be beneficial. The documentation emphasizes the importance of considering what users are thinking/feeling throughout their journey.
Severity: Medium
----------------------------------------
Panel Number: 4
Pain Point: Payment options are not secure or user-friendly
Reason: The context 'Website provides secure payment options and instant confirmation of booking' suggests that a lack of security or usability in the payment process could be a significant pain point. The documentation highlights the importance of considering what users are thinking/feeling as they progress through their journey.
Severity: High
----------------------------------------
Panel Number: 5
Pain Point: Email confirmation does not provide clear instructions or necessary travel documents
Reason: The user's emotion 'relieved' upon receiving the email confirmation implies that a more comprehensive experience would be beneficial. The documentation emphasizes the importance of considering what users are thinking/feeling as they progress through their journey.
Severity: Medium
----------------------------------------
Panel Number: 6
Pain Point: User must manually prepare to leave for the airport, leading to unnecessary stress
Reason: The context 'Working professional stands up, closes laptop, and prepares to leave for airport on time' suggests that a more seamless experience would be beneficial. The documentation highlights the importance of considering what users are thinking/feeling as they progress through their journey.
Severity: High
----------------------------------------

Generating design recommendations...

========================================================================================================================
Design Recommendations:
Panel Number: 1
Pain Point: Laptop is too large to navigate with ease, leading to frustration
Recommnedation: Design a responsive website layout that adjusts to different screen sizes and orientations, ensuring that the search bar and other essential elements are easily accessible on smaller laptops or mobile devices.
----------------------------------------
Panel Number: 2
Pain Point: Search bar is not immediately visible or accessible
Recommnedation: Place the search bar in a prominent location at the top of the website, making it easily discoverable and click-friendly. Consider adding a clear call-to-action (CTA) button to encourage users to start their search.
----------------------------------------
Panel Number: 3
Pain Point: Booking process is too complex or time-consuming
Recommnedation: Simplify the booking process by reducing the number of form fields and using auto-fill options where possible. Consider implementing a 'wizard' style interface that guides users through each step, making the experience feel more streamlined and efficient.
----------------------------------------
Panel Number: 4
Pain Point: Payment options are not secure or user-friendly
Recommnedation: Implement a reputable payment gateway with clear and concise language about security measures. Use a simple, easy-to-use payment form with minimal fields, reducing the likelihood of errors or friction.
----------------------------------------
Panel Number: 5
Pain Point: Email confirmation does not provide clear instructions or necessary travel documents
Recommnedation: Include a brief summary of the booking details, including flight numbers and travel dates, in the email confirmation. Additionally, attach relevant travel documents (e.g., boarding passes, hotel reservations) to the email for easy access.
----------------------------------------
Panel Number: 6
Pain Point: User must manually prepare to leave for the airport, leading to unnecessary stress
Recommnedation: Integrate airline-specific check-in and baggage drop-off options directly within the website or mobile app. This would eliminate the need for users to manually prepare to leave for the airport, reducing stress and making the overall experience more seamless.
----------------------------------------